../../Drivers/CMSIS/Include/core_cm55.h:3918:22:__NVIC_EnableIRQ	16	static,ignoring_inline_asm
../../Drivers/CMSIS/Include/core_cm55.h:3956:22:__NVIC_DisableIRQ	16	static,ignoring_inline_asm
../Middlewares/ST/AI/Npu/ll_aton/ll_aton_NN_interface.h:422:22:EpochBlock_IsLastEpochBlock	16	static
../Middlewares/ST/AI/Npu/ll_aton/ll_aton_NN_interface.h:427:22:EpochBlock_IsEpochStart	16	static
../Middlewares/ST/AI/Npu/ll_aton/ll_aton_NN_interface.h:437:22:EpochBlock_IsEpochBlob	16	static
../Middlewares/ST/AI/Npu/ll_aton/ll_aton_NN_interface.h:452:22:EpochBlock_IsEpochPureHW	16	static
../Middlewares/ST/AI/Npu/ll_aton/ll_aton_NN_interface.h:457:22:EpochBlock_IsEpochHybrid	16	static
../Middlewares/ST/AI/Npu/ll_aton/ll_aton_NN_interface.h:462:22:EpochBlock_IsEpochInternal	16	static
../Middlewares/ST/AI/Npu/ll_aton/ll_aton_NN_interface.h:467:26:EpochBlock_EpochControllerUnit	16	static
../Middlewares/ST/AI/Npu/ll_aton/ll_aton_NN_interface.h:473:27:EpochBlock_EpochBlobAddr	16	static
../Middlewares/ST/AI/Npu/ll_aton/ll_aton_runtime.h:37:22:__ll_set_aton_owner	16	static
../Middlewares/ST/AI/Npu/ll_aton/ll_aton_runtime.h:54:22:__ll_clear_aton_owner	16	static
../Middlewares/ST/AI/Npu/ll_aton/ll_aton_runtime.h:73:22:__LL_ATON_RT_Start_AtoNN_Epoch	16	static
../Middlewares/ST/AI/Npu/ll_aton/ll_aton_runtime.h:104:22:__LL_ATON_RT_SetWaitMask	16	static
../Middlewares/ST/AI/Npu/ll_aton/ll_aton_runtime.h:130:22:__LL_ATON_RT_RetFromLibEpochBlockArray	16	static
../Middlewares/ST/AI/Npu/ll_aton/ll_aton_runtime.c:51:19:dump_dma_state	4	static
../Middlewares/ST/AI/Npu/ll_aton/ll_aton_runtime.c:78:17:__LL_ATON_RT_CntEpochBlocks	24	static
../Middlewares/ST/AI/Npu/ll_aton/ll_aton_runtime.c:94:20:__LL_ATON_RT_ExecStartEpochBlock	32	static
../Middlewares/ST/AI/Npu/ll_aton/ll_aton_runtime.c:183:20:__LL_ATON_RT_ExecEndEpochBlock	24	static
../Middlewares/ST/AI/Npu/ll_aton/ll_aton_runtime.c:246:13:__LL_ATON_RT_DetermineNextEpochBlock	16	static
../Middlewares/ST/AI/Npu/ll_aton/ll_aton_runtime.c:287:24:__LL_ATON_RT_GetWaitMask	16	static
../Middlewares/ST/AI/Npu/ll_aton/ll_aton_runtime.c:301:20:__LL_ATON_RT_Init_Network	24	static
../Middlewares/ST/AI/Npu/ll_aton/ll_aton_runtime.c:367:6:LL_ATON_RT_SetRuntimeCallback	16	static
../Middlewares/ST/AI/Npu/ll_aton/ll_aton_runtime.c:380:6:LL_ATON_RT_SetEpochCallback	16	static
../Middlewares/ST/AI/Npu/ll_aton/ll_aton_runtime.c:394:6:LL_ATON_RT_SetNetworkCallback	16	static
../Middlewares/ST/AI/Npu/ll_aton/ll_aton_runtime.c:404:6:LL_ATON_RT_Init_Network	24	static
../Middlewares/ST/AI/Npu/ll_aton/ll_aton_runtime.c:445:6:LL_ATON_RT_DeInit_Network	24	static
../Middlewares/ST/AI/Npu/ll_aton/ll_aton_runtime.c:494:6:LL_ATON_RT_Reset_Network	16	static
../Middlewares/ST/AI/Npu/ll_aton/ll_aton_runtime.c:503:6:LL_ATON_RT_RuntimeInit	16	static
../Middlewares/ST/AI/Npu/ll_aton/ll_aton_runtime.c:551:6:LL_ATON_RT_RuntimeDeInit	8	static
../Middlewares/ST/AI/Npu/ll_aton/ll_aton_runtime.c:583:24:LL_ATON_RT_RunEpochBlock	24	static
../Middlewares/ST/AI/Npu/ll_aton/ll_aton_runtime.c:757:13:__LL_ATON_RT_IrqErr	40	static
../Middlewares/ST/AI/Npu/ll_aton/ll_aton_runtime.c:869:20:__LL_ATON_RT_IrqEpochBlock	32	static
../Middlewares/ST/AI/Npu/ll_aton/ll_aton_runtime.c:918:20:__LL_ATON_RT_IrqEpochBlob	32	static
../Middlewares/ST/AI/Npu/ll_aton/ll_aton_runtime.c:940:6:NPU0_IRQHandler	16	static,ignoring_inline_asm
