../Middlewares/ST/AI/Npu/ll_aton/ll_aton_NN_interface.h:479:32:LL_Buffer_addr_base	24	static
../Middlewares/ST/AI/Npu/ll_aton/ll_aton_NN_interface.h:489:32:LL_Buffer_addr_start	16	static
../Middlewares/ST/AI/Npu/ll_aton/ll_aton_NN_interface.h:494:32:LL_Buffer_addr_end	16	static
../Middlewares/ST/AI/Npu/ll_aton/ll_aton_NN_interface.h:504:26:LL_Buffer_len	16	static
../Middlewares/ST/AI/Npu/ll_aton/ll_aton_NN_interface.h:509:26:LL_Buffer_bits	16	static
../Middlewares/ST/AI/Npu/ll_aton/ll_aton_debug.c:64:20:LL_ATON_physical_to_virtual	16	static
../Middlewares/ST/AI/Npu/ll_aton/ll_aton_debug.c:69:37:__get_buffer	32	static
../Middlewares/ST/AI/Npu/ll_aton/ll_aton_debug.c:86:13:__set_buffer	32	static
../Middlewares/ST/AI/Npu/ll_aton/ll_aton_debug.c:95:13:__set_all_buffers	16	static
../Middlewares/ST/AI/Npu/ll_aton/ll_aton_debug.c:105:14:Q_to_floating	24	static
../Middlewares/ST/AI/Npu/ll_aton/ll_aton_debug.c:114:13:__dump_buffer_info	88	static
../Middlewares/ST/AI/Npu/ll_aton/ll_aton_debug.c:231:13:__dump_buffer_Qmn_nbit	104	static
../Middlewares/ST/AI/Npu/ll_aton/ll_aton_debug.c:318:13:__dump_buffer_Qmn_8bit	96	static
../Middlewares/ST/AI/Npu/ll_aton/ll_aton_debug.c:405:13:__dump_buffer_Qmn_16bit	96	static
../Middlewares/ST/AI/Npu/ll_aton/ll_aton_debug.c:499:13:__dump_buffer_Qmn_32bit	96	static
../Middlewares/ST/AI/Npu/ll_aton/ll_aton_debug.c:583:13:__dump_buffer_float	80	static
../Middlewares/ST/AI/Npu/ll_aton/ll_aton_debug.c:646:13:__dump_buffer_raw_Qmn_nbit	56	static
../Middlewares/ST/AI/Npu/ll_aton/ll_aton_debug.c:674:13:__dump_buffer_raw_Qmn_8bit	56	static
../Middlewares/ST/AI/Npu/ll_aton/ll_aton_debug.c:702:13:__dump_buffer_raw_Qmn_16bit	56	static
../Middlewares/ST/AI/Npu/ll_aton/ll_aton_debug.c:730:13:__dump_buffer_raw_Qmn_32bit	48	static
../Middlewares/ST/AI/Npu/ll_aton/ll_aton_debug.c:757:13:__dump_buffer_raw_16bit	40	static
../Middlewares/ST/AI/Npu/ll_aton/ll_aton_debug.c:780:13:__dump_buffer_raw_32bit	40	static
../Middlewares/ST/AI/Npu/ll_aton/ll_aton_debug.c:805:13:__dump_buffer_raw_nbit	48	static
../Middlewares/ST/AI/Npu/ll_aton/ll_aton_debug.c:828:13:__dump_buffer_raw_8bit	40	static
../Middlewares/ST/AI/Npu/ll_aton/ll_aton_debug.c:850:13:__dump_buffer	24	static
../Middlewares/ST/AI/Npu/ll_aton/ll_aton_debug.c:928:13:__dump_epoch_buffers	24	static
../Middlewares/ST/AI/Npu/ll_aton/ll_aton_debug.c:941:7:get_buffer	32	static
../Middlewares/ST/AI/Npu/ll_aton/ll_aton_debug.c:954:5:get_buffer_info	40	static
../Middlewares/ST/AI/Npu/ll_aton/ll_aton_debug.c:968:6:set_all_buffers	24	static
../Middlewares/ST/AI/Npu/ll_aton/ll_aton_debug.c:978:6:dump_buffer	24	static
../Middlewares/ST/AI/Npu/ll_aton/ll_aton_debug.c:985:6:dump_all_buffers	24	static
../Middlewares/ST/AI/Npu/ll_aton/ll_aton_debug.c:997:6:dump_epoch_buffers	24	static
../Middlewares/ST/AI/Npu/ll_aton/ll_aton_debug.c:1006:14:get_params_len	24	static
