../../Drivers/STM32N6xx_HAL_Driver/Inc/stm32n6xx_ll_bus.h:1165:22:LL_AHB3_GRP1_EnableClock	1
../../Drivers/STM32N6xx_HAL_Driver/Inc/stm32n6xx_ll_bus.h:1407:22:LL_AHB4_GRP1_EnableClock	1
../Src/main.c:93:5:main	5
../Src/main.c:154:13:MX_CACHEAXI_Init	2
../Src/main.c:180:13:MX_RAMCFG_Init	5
../Src/main.c:231:13:SystemIsolation_Config	1
../Src/main.c:286:13:MX_USART1_UART_Init	5
../Src/main.c:334:13:MX_GPIO_Init	1
../Src/main.c:372:1:__io_putchar	1
../Src/main.c:399:6:MPU_Config	1
../Src/main.c:441:6:Error_Handler	1
