C:/Users/ntustbestlab1234/STM32Cube/Repository/STM32Cube_FW_N6_V1.3.0/Projects/NUCLEO-N657X0-Q/Templates/fsbl_lrun_c/Template_FSBL_LRUN/Middlewares/ST/STM32_ExtMem_Manager/nor_sfdp/stm32_sfdp_data.c:1175:20:SFDP_ReadHeader	24	static
C:/Users/ntustbestlab1234/STM32Cube/Repository/STM32Cube_FW_N6_V1.3.0/Projects/NUCLEO-N657X0-Q/Templates/fsbl_lrun_c/Template_FSBL_LRUN/Middlewares/ST/STM32_ExtMem_Manager/nor_sfdp/stm32_sfdp_data.c:1226:20:SFDP_GetHeader	48	static
C:/Users/ntustbestlab1234/STM32Cube/Repository/STM32Cube_FW_N6_V1.3.0/Projects/NUCLEO-N657X0-Q/Templates/fsbl_lrun_c/Template_FSBL_LRUN/Middlewares/ST/STM32_ExtMem_Manager/nor_sfdp/stm32_sfdp_data.c:1283:20:SFDP_CollectData	40	static
C:/Users/ntustbestlab1234/STM32Cube/Repository/STM32Cube_FW_N6_V1.3.0/Projects/NUCLEO-N657X0-Q/Templates/fsbl_lrun_c/Template_FSBL_LRUN/Middlewares/ST/STM32_ExtMem_Manager/nor_sfdp/stm32_sfdp_data.c:1357:20:SFDP_MemoryReset	32	static
C:/Users/ntustbestlab1234/STM32Cube/Repository/STM32Cube_FW_N6_V1.3.0/Projects/NUCLEO-N657X0-Q/Templates/fsbl_lrun_c/Template_FSBL_LRUN/Middlewares/ST/STM32_ExtMem_Manager/nor_sfdp/stm32_sfdp_data.c:1504:20:SFDP_BuildGenericDriver	80	static
C:/Users/ntustbestlab1234/STM32Cube/Repository/STM32Cube_FW_N6_V1.3.0/Projects/NUCLEO-N657X0-Q/Templates/fsbl_lrun_c/Template_FSBL_LRUN/Middlewares/ST/STM32_ExtMem_Manager/nor_sfdp/stm32_sfdp_data.c:2268:38:driver_check_FlagBUSY	56	static
C:/Users/ntustbestlab1234/STM32Cube/Repository/STM32Cube_FW_N6_V1.3.0/Projects/NUCLEO-N657X0-Q/Templates/fsbl_lrun_c/Template_FSBL_LRUN/Middlewares/ST/STM32_ExtMem_Manager/nor_sfdp/stm32_sfdp_data.c:2303:10:sfdp_getfrequencevalue	56	static
C:/Users/ntustbestlab1234/STM32Cube/Repository/STM32Cube_FW_N6_V1.3.0/Projects/NUCLEO-N657X0-Q/Templates/fsbl_lrun_c/Template_FSBL_LRUN/Middlewares/ST/STM32_ExtMem_Manager/nor_sfdp/stm32_sfdp_data.c:2322:20:sfdp_get_paraminfo	40	static
C:/Users/ntustbestlab1234/STM32Cube/Repository/STM32Cube_FW_N6_V1.3.0/Projects/NUCLEO-N657X0-Q/Templates/fsbl_lrun_c/Template_FSBL_LRUN/Middlewares/ST/STM32_ExtMem_Manager/nor_sfdp/stm32_sfdp_data.c:2458:20:sfdp_enter_octal_mode	32	static
C:/Users/ntustbestlab1234/STM32Cube/Repository/STM32Cube_FW_N6_V1.3.0/Projects/NUCLEO-N657X0-Q/Templates/fsbl_lrun_c/Template_FSBL_LRUN/Middlewares/ST/STM32_ExtMem_Manager/nor_sfdp/stm32_sfdp_data.c:2575:20:sfdp_set_dummycycle	64	static
C:/Users/ntustbestlab1234/STM32Cube/Repository/STM32Cube_FW_N6_V1.3.0/Projects/NUCLEO-N657X0-Q/Templates/fsbl_lrun_c/Template_FSBL_LRUN/Middlewares/ST/STM32_ExtMem_Manager/nor_sfdp/stm32_sfdp_data.c:2678:20:JEDEC_Basic_ManageQuadEnableRequirement	24	static
C:/Users/ntustbestlab1234/STM32Cube/Repository/STM32Cube_FW_N6_V1.3.0/Projects/NUCLEO-N657X0-Q/Templates/fsbl_lrun_c/Template_FSBL_LRUN/Middlewares/ST/STM32_ExtMem_Manager/nor_sfdp/stm32_sfdp_data.c:2820:20:JEDEC_Basic_Manage4S4S4SEnableSequence	24	static
C:/Users/ntustbestlab1234/STM32Cube/Repository/STM32Cube_FW_N6_V1.3.0/Projects/NUCLEO-N657X0-Q/Templates/fsbl_lrun_c/Template_FSBL_LRUN/Middlewares/ST/STM32_ExtMem_Manager/nor_sfdp/stm32_sfdp_data.c:2877:20:CheckSFDP_Signature	24	static
